[    0.000000] Initializing cgroup subsys cpuset
[    0.000000] Initializing cgroup subsys cpu
[    0.000000] Initializing cgroup subsys cpuacct
[    0.000000] Linux version 4.4.0-62-generic (uildd@lcy01-31) (gcc version 5.4.0 20160609 (Ubuntu 5.4.0-6ubuntu1~16.04.4) ) #83-Ubuntu SMP Wed Jan 18 14:09:55 UTC 2017 (Ubuntu 4.4.0-62.83-generic 4.4.40)
[    0.000000] KERNEL supported cpus:
[    0.000000]   Intel GenuineIntel
[    0.000000]   AMD AuthenticAMD
[    0.000000]   NSC Geode by NSC
[    0.000000]   Cyrix CyrixInstead
[    0.000000]   Centaur CentaurHauls
[    0.000000]   Transmeta GenuineTMx86
[    0.000000]   Transmeta TransmetaCPU
[    0.000000]   UMC UMC UMC UMC
[    0.000000] x86/fpu: Legacy x87 FPU detected.
[    0.000000] x86/fpu: Using 'lazy' FPU context switches.
[    0.000000] e820: BIOS-provided physical RAM map:
[    0.000000] BIOS-e820: [mem 0x0000000000000000-0x000000000009fbff] usable
[    0.000000] BIOS-e820: [mem 0x000000000009fc00-0x000000000009ffff] reserved
[    0.000000] BIOS-e820: [mem 0x00000000000f0000-0x00000000000fffff] reserved
[    0.000000] BIOS-e820: [mem 0x0000000000100000-0x000000003ffeffff] usable
[    0.000000] BIOS-e820: [mem 0x000000003fff0000-0x000000003fffffff] ACPI data
[    0.000000] BIOS-e820: [mem 0x00000000fffc0000-0x00000000ffffffff] reserved
[    0.000000] NX (Execute Disable) protection: active
[    0.000000] SMBIOS .5 present.
[    0.000000] e820: last_pfn = 0x3fff0 max_arch_pfn = 0x1000000
[    0.000000] MTRR: Disabled
[    0.000000] x86/PAT: MTRRs disabled sipping PAT initialization too.
[    0.000000] x86/PAT: Configurati [0-7]: WB  WT  UC- UC  WB  WT  UC- UC 
[    0.000000] CPU MTRRs al blank -vitualizedsytem.
[    0.00000 found SMP MP-tabe t [mem 0x0009fff0-0x0009ff] mape at [c09ff0]
[   0.0000] Scannng1 area fr low memor corrupton
[    0.000000] AMDIK:[memx36b000-0x3759ffff
    0.0000] CP: Earl tble checksum verifcaion disale
[    0.0000] ACPI: RSP 0x00000000000E0000 000024 (v02 VBOX  )
[    0.000000] ACPI: XSDT 0x000000003FFF0030 00003C (v01 VBOX   VBOXXSDT 00000001 ASL  00000061)
[    0.000000] ACPI: FACP 0x000000003FFF00F0 0000F4 (v04 VBOX   VBOXFACP 00000001 ASL  00000061)
[    0.000000] ACPI: DSDT 0x000000003FFF0470 001BF1 (v01 VBOX   VBOXBIOS 00000002 INTL 20140214)
[    0.000000] ACPI: FACS 0x000000003FFF0200 000040
[    0.000000] ACPI: FACS 0x000000003FFF0200 000040
[    0.000000] ACPI: APIC 0x000000003FFF0240 00005C (v02 VBOX   VBOXAPIC 00000001 ASL  00000061)
[    0.000000] ACPI: SSDT 0x000000003FFF02A0 0001CC (v01 VBOX   VBOXCPUT 00000002 INTL 20140214)
[    0.000000] 131MB HIGHMEM available.
[    0.000000] 891MB LOWMEM available.
[    0.000000]   mapped low ram: 0 - 37bfe000
[    0.000000]   low ram: 0 - 37bfe000
[    0.000000] Zone ranges:
[    0.000000]   DMA      [mem 0x000000000000000-x00000000fffff]
[   0.0000]   Norml  [mem 0x00000000000000-0x0000000037bfdfff]
[    0.000000]   HighMem  [mem 0x0000000037bfe000-0x00000000ffeffff]
   0.0000] Movable zone start for eah node
[   0.0000] Early memory node ranges
[    0.000000]   node   0: [mem 0x00000000000100-0x0000000009eff]
[    0.000000]   node   0: [mem0x0000000100000-0x000000003ffefff
[   .00000] nitme stup node 0 me 0x000000000001000-0x0000003feffff]
[    0.000000] Using APIC rive dfaul
    0.0000] ACI:PM-Timer IO Port: 0x4008
[    0.000000] IOAPIC[0]: apic_id 2, version 17, address 0xfec00000, GSI 0-23
[    0.000000] ACPI: INT_SRC_OVR (bus 0 bus_irq 0 global_irq 2 dfl dfl)
[    0.000000] ACPI: INT_SRC_OVR (bus 0 bus_irq 9 global_irq 9 high level)
[    0.000000] Using ACPI (MDT for SM cnfiguration information
[    0.000000] smpboot: Allowing 2 CPUs, 0 hotplug CPUs
[    0.000000] PM: Registered nosave memory: [mem 0x00000000-0x00000fff]
[    0.000000] PM: Registered nosave memory: [mem 0x0009f000-0x0009ffff]
[    0.000000] PM: Registered nosave memory: [mem 0x000a0000-0x000effff]
[    0.000000] PM: Registered nosave memory: [mem 0x000f0000-0x000fffff]
[    0.000000] e820: [mem 0x40000000-0xfffbffff] available for PCI devices
[    0.000000] Booting paravirtualized kernel on bare hardware
[    0.000000] clocksource: refined-jiffies: mask: 0xffffffff max_cycles: 0xffffffff, max_idlens: 7645519600211568 ns
   0.000000] setuppercpu: NR_CPUS:8 nr_cpumak_bits:8 nr_cpu_ids nr_noe_ds:1
[    0.00000 PERCP: mbedde 1 pages/cpu @f76b1000 s746 r0 d038 u77824
[   0.0000] Built 1 zonelists n one order, mobility grouping on.  Totl pages 29800
[   0.000000] Kerelcommad line: BOOT_IMAGE=/boot/vmlinuz-4.4.0-62-generic root=LABEL=cloudimg-rootfs ro console=tty1 consoe=tyS0
   0.000000 PD astabl etries: 4096 (order: 2 1384 byte)
[    0.00000] Dentry cache hash tabe ntris:131072(oder:7,524288 bytes)
[   .000000] Inode-cach hsh table entries: 65536 (order: 6, 262144 bytes)
[    0.000000] Initializing CPU#0
[    0.000000] itialiin HighMem for node 0 (00037bfe:0003fff0)
[    0.0000] Intializing Movable for node  (0000000:000000)[    0.000000] Memory: 1012444/14820 avalale (7915Kkenel od, 764 rdata, 3148K rodata,94K init 80K bss,3576K reserved, 0K cma-reserved, 135112K highmem)
[    0.000000] vrtua krnel emry lout:
[   0.000000]     fixmap  : 0xfff15000 - 0xfffff000   ( 936 kB)
[    0.000000]     pkmap   : 0xffc00000 - 0xffe00000   (2048 kB)
[    0.000000]     vmalloc : 0xf83fe000 - 0xffbfe000   ( 120 MB)
[    0.000000]     lowmem  : 0xc0000000 - 0xf7bfe000   ( 891 MB)
[    0.000000]       .init : 0xc1b91000 - 0xc1c7d000   ( 944 kB)
[    0.000000]       .data : 0xc17bb2cb - 0xc1b8f3c0   (3920 kB)
[    0.000000]       .text : 0xc1000000 - 0xc17bb2cb   (7916 kB)
[    0.000000] Checking if this processor honours the WP bit even in supervisor mode...Ok.
[    0.000000] SLUB: HWalign=64, Order=0-3, MinObjects=0, CPUs=2, Nodes=1
[    0.000000] Hierarchical RCU implementation.
[    0.000000] 	Build-time adjustment of leaf fanout to 32.
[    0.000000] 	RCU restricting CPUs from NR_CPUS=8 to nr_cpu_ids=2.
[    0.000000] RCU: Adjusting geometry for rcu_fanout_leaf=32, nr_cpu_ids=2
[    0.000000] NR_IRQS:2304 nr_irqs:440 16
[    0.000000] Console: colour VGA+ 80x25
[    0.000000] console [tty1] enabled
[    0.000000] console [ttyS0] enabled
[   .000000] allocated 1048576 bytes of page_ext
[  0.000000] tsc: Fast TSC calibration failed

[    0.000000] tsc: PIT calibration matches PMTIMER. 2 loops
[    0.000000] tsc: Detected 3058.416 MHz processor
[    0.020028] Calibrating delay loop (skipped), value calculated using timer frequency.. 6116.83 BogoMIPS (lpj=12233664)
[    0.028019] pid_max: default: 32768 minimum: 301
[    0.032034] ACPI: Core revision 20150930
[    0.037007] ACPI: 2 ACPI AML tables successfully acquired and loaded
[    0.044320] Security Framework initialized
[    0.048013] Yama: becoming mindful.
[    0.052035] AppArmor: AppArmor initialized
[    0.056054] Mount-cache hash table entries: 2048 (order: 1, 8192 bytes)
[    0.060014] Mountpoint-cache hash table entries: 2048 (order: 1, 8192 bytes)
[    0.064267] Initializing cgroup subsys io
[    0.068031] Initializing cgroup subsys memory
[    0.072038] Initializing cgroup subsys devices
[    0.076040] Initializing cgroup subsys freezer
[    0.080032] Initializing cgroup subsys net_cls
[    0.084039] Initializing cgroup subsys perf_event
[    0.088033] Initializing cgroup subsys net_prio
[    0.089320] Initializing cgroup subsys hugetlb
[    0.090403] Initializing cgroup subsys pids
[    0.092119] CPU: Physical Processor ID: 0
[    0.093311] CPU: Processor Core ID: 0
[    0.094272] mce: CPU supports 0 MCE banks
[    0.095313] Last level iTLB entries: 4KB 512, 2MB 7, 4MB 7
[    0.096013] Last level dTLB entries: 4KB 512, 2MB 32, 4MB 32, 1GB 0
[    0.102068] Freeing SMP alternatives memory: 28K (c1c7d000 - c1c84000)
[    0.115807] ftrace: allocating 31350 entries in 62 pages
[    0.124132] smpboot: APIC(0) Converting physical 0 to logical package 0
[    0.128016] smpboot: Max logical packages: 1
[    0.129032] Enabling APIC mode:  Flat.  Using 1 I/O APICs
[    0.133256] ..TIMER: vector=0x30 apic1=0 pin1=2 apic2=-1 pin2=-1
[    0.180000] smpboot: CPU0: Intel(R) Core(TM) i3 CPU         540  @ 3.07GHz (family: 0x6, model: 0x25, stepping: 0x5)
[    0.185232] Performance Events: unsupported p6 CPU model 37 no PMU driver, software events only.
[    0.189306] NMI watchdog: disabled (cpu0): hardware events not enabled
[    0.191819] NMI watchdog: Shutting down hard lockup detector on all cpus
[    0.192201] x86: Booting SMP configuration:
[    0.193199] .... node  #0, CPUs:      #1
[    0.024000] Initializing CPU#1
[    0.024000] mce: CPU supports 0 MCE banks
[    0.200046] x86: Booted up 1 node, 2 CPUs
[    0.201227] smpboot: Total of 2 processors activated (12233.66 BogoMIPS)
[    0.203023] devtmpfs: initialized
[    0.203023] evm: security.selinux
[    0.204012] evm: security.SMACK64
[    0.204756] evm: security.SMACK64EXEC
[    0.205406] evm: security.SMACK64TRANSMUTE
[    0.208009] evm: security.SMACK64MMAP
[    0.209819] evm: security.ima
[    0.210298] evm: security.capability
[    0.212840] clocksource: jiffies: mask: 0xffffffff max_cycles: 0xffffffff, max_idle_ns: 7645041785100000 ns
[    0.216104] pinctrl core: initialized pinctrl subsystem
[    0.264192] RTC time: 13:17:40, date: 02/18/17
[    0.265199] NET: Registered protocol family 16
[    0.265702] EISA bus registered
[    0.276045] cpuidle: using governor ladder
[    0.396037] cpuidle: using governor menu
[    0.400017] PCCT header not found.
[    0.400989] ACPI: bus type PCI registered
[    0.404011] acpiphp: ACPI Hot Plug PCI Controller Driver version: 0.5
[    0.408605] PCI : PCI BIOS area is rw and x. Use pci=nobios if you want it NX.
[    0.412010] PCI: PCI BIOS revision 2.10 entry at 0xfda26, last bus=0
[    0.416009] PCI: Using configuration type 1 for base access
[    0.432300] ACPI: Added _OSI(Module Device)
[    0.434032] ACPI: Added _OSI(Processor Device)
[    0.434862] ACPI: Added _OSI(3.0 _SCP Extensions)
[    0.436012] ACPI: Added _OSI(Processor Aggregator Device)
[    0.437718] ACPI: Executed 1 blocks of module-level executable AML code
[    0.437718] ACPI: Interpreter enabled
[    0.532033] ACPI: (supports S0 S5)
[    0.536019] ACPI: Using IOAPIC for interrupt routing
[    0.540337] PCI: Using host bridge windows from ACPI; if necessary, use "pci=nocrs" and report a bug
[    0.549225] ACPI: PCI Root Bridge [PCI0] (domain 0000 [bus 00-ff])
[    0.550284] acpi PNP0A03:00: _OSC: OS supports [ASPM ClockPM Segments MSI]
[    0.551419] acpi PNP0A03:00: _OSC failed (AE_NOT_FOUND); disabling ASPM
[    0.552024] acpi PNP0A03:00: fail to add MMCONFIG information, can't access extended PCI configuration space under this bridge.
[    0.556130] PCI host bridge to bus 0000:00
[    0.560021] pci_bus 0000:00: root bus resource [io  0x0000-0x0cf7 window]
[    0.564023] pci_bus 0000:00: root bus resource [io  0x0d00-0xffff window]
[    0.565432] pci_bus 0000:00: root bus resource [mem 0x000a0000-0x000bffff window]
[    0.568025] pci_bus 0000:00: root bus resource [mem 0x40000000-0xffdfffff window]
[    0.572022] pci_bus 0000:00: root bus resource [bus 00-ff]
[    0.577826] pci 0000:00:01.1: legacy IDE quirk: reg 0x10: [io  0x01f0-0x01f7]
[    0.579000] pci 0000:00:01.1: legacy IDE quirk: reg 0x14: [io  0x03f6]
[    0.580010] pci 0000:00:01.1: legacy IDE quirk: reg 0x18: [io  0x0170-0x0177]
[    0.584012] pci 0000:00:01.1: legacy IDE quirk: reg 0x1c: [io  0x0376]
[    0.621178] ACPI: PCI Interrupt Link [LNKA] (IRQs 5 9 10 11) *0, disabled.
[    0.648274] ACPI: PCI Interrupt Link [LNKB] (IRQs 5 9 10 *11)
[    0.656653] ACPI: PCI Interrupt Link [LNKC] (IRQs 5 9 *10 11)
[    0.658225] ACPI: PCI Interrupt Link [LNKD] (IRQs 5 *9 10 11)
[    0.659931] ACPI: Enabled 2 GPEs in block 00 to 07
[    0.660270] vgaarb: setting as boot device: PCI:0000:00:02.0
[    0.661008] vgaarb: device added: PCI:0000:00:02.0,decodes=io+mem,owns=io+mem,locks=none
[    0.664014] vgaarb: loaded
[    0.664748] vgaarb: bridge control possible 0000:00:02.0
[    0.666147] SCSI subsystem initialized
[    0.667132] ACPI: bus type USB registered
[    0.668075] usbcore: registered new interface driver usbfs
[    0.672024] usbcore: registered new interface driver hub
[    0.676080] usbcore: registered new device driver usb
[    0.680388] PCI: Using ACPI for IRQ routing
[    0.684328] NetLabel: Initializing
[    0.688020] NetLabel:  domain hash size = 128
[    0.692015] NetLabel:  protocols = UNLABELED CIPSOv4
[    0.696034] NetLabel:  unlabeled traffic allowed by default
[    0.700101] amd_nb: Cannot enumerate AMD northbridges
[    0.704122] clocksource: Switched to clocksource refined-jiffies
[    0.718115] AppArmor: AppArmor Filesystem Enabled
[    0.720139] pnp: PnP ACPI init
[    0.721545] pnp: PnP ACPI: found 4 devices
[    0.724036] PnPBIOS: Disabled by ACPI PNP
[    0.773601] clocksource: acpi_pm: mask: 0xffffff max_cycles: 0xffffff, max_idle_ns: 2085701024 ns
[    0.776103] clocksource: Switched to clocksource acpi_pm
[  0613]ET: egted otolamy 

[   2.336] TC eabsh hh blenie 82 (ode 3328 te)  3.4599] TCP bnd hh ableenie 82 rdr: 4 636yts)
[  5119]CPHa tbl cfired esblhe81 bd 92

[    7.068895] UDP hash table entries: 512 (order: 2, 16384 bytes)
[    7.071965] UDP-Lite hash table entries: 512 (order: 2, 16384 bytes)
[    7.074892] NET: Registered protocol family 1
[    7.076002] pci 0000:00:00.0: Limiting direct PCI/PCI transfers
[   .079220] pci 0000:00:01.0: Activating A DM hg rkous  7.113] Tyig tounckoos mageasniam..

[   11.043961] Freeing initrd memory: 10560K (f6b50000 - f75a0000)
[   11.057894] platform rtc_cmos: registered platform RTC device (no PNP device found)
[   11.066062] Scanning for low memory corruption every 60 seconds
[   11.070130] futex hash table entries: 512 (order: 3, 32768 bytes)
[   11.073452] audit: initializing netlink subsys (disabled)
[   11.075791] audit: type=2000 audit(1487423863.071:1): initialized
[   11.077507] Initialise system trusted keyring
[   11.081826] HugeTLB registered 2 MB page size, pre-allocated 0 pages
[   11.108001] zbud: loaded
[   1.1288] VF Dk ot dot.6
[   101227]VF: Dquot-chha tleentrs:1024(oer, 096 bte
[  14633 tsc: Refined TSC clocksource calibration: 3058.480 MHz
[   13.800621] squashfs: version 4.0 (2009/01/31) Phillip Lougher
[   13.800902] fuse init (API version 7.23)
[   13.801043] Key type big_key registered
[   13.801075] Allocating IMA MOK and blacklist keyrings.
[   13.802031] Key type asymmetric registered
[   13.802040] Asymmetric key parser 'x509' registered
[   13.802057] bounce: pool size: 64 pages
[   13.802094] Block layer SCSI generic (bsg) driver version 0.4 loaded (major 249)
[   13.802177] io scheduler noop registered
[   13.802182] io scheduler deadline registered (default)
[   13.802219] io scheduler cfq registered
[   13.802328] pci_hotplug: PCI Hot Plug PCI Core version: 0.5
[   13.802336] pciehp: PCI Express Hot Plug Controller Driver version: 0.4
[   13.802478] ACPI: AC Adapter [AC] (on-line)
[   13.802543] input: Power Button as /devices/LNXSYSTM:00/LNXPWRBN:00/input/input0
[   13.802549] ACPI: Power Button [PWRF]
[   13.802614] input: Sleep Button as /devices/LNXSYSTM:00/LNXSLPBN:00/input/input1
[   13.802618] ACPI: Sleep Button [SLPF]
[   13.802799] GHES: HEST is not enabled!
[   13.802899] isapnp: Scanning for PnP cards...
[   13.808756] Serial: 8250/16550 driver, 32 ports, IRQ sharing enabled
[   13.851452] 00:03: ttyS0 at I/O 0x3f8 (irq = 4, base_baud = 115200) is a 16550A
[   13.928840] clocksource: tsc: mask: 0xffffffffffffffff max_cycles: 0x2c161146c35, max_idle_ns: 440795242796 ns
[   13.932919] Linux agpgart interface v0.103
[   13.940638] brd: module loaded
[   13.952405] loop: module loaded
[   13.956002] scsi host0: ata_piix
[   13.958134] scsi host1: ata_piix
[   13.960143] ata1: PATA max UDMA/33 cmd 0x1f0 ctl 0x3f6 bmdma 0xd000 irq 14
[   13.962754] ata2: PATA max UDMA/33 cmd 0x170 ctl 0x376 bmdma 0xd008 irq 15
[   13.964752] libphy: Fixed MDIO Bus: probed
[   13.966852] tun: Universal TUN/TAP device driver, 1.6
[   13.968113] tun: (C) 1999-2004 Max Krasnyansky <maxk@qualcomm.com>
[   13.975149] PPP generic driver version 2.4.2
[   13.980509] ehci_hcd: USB 2.0 'Enhanced' Host Controller (EHCI) Driver
[   13.984121] ehci-pci: EHCI PCI platform driver
[   13.998843] ehci-platform: EHCI generic platform driver
[   14.001267] ohci_hcd: USB 1.1 'Open' Host Controller (OHCI) Driver
[   14.003716] ohci-pci: OHCI PCI platform driver
[   14.004892] ohci-platform: OHCI generic platform driver
[   14.006158] uhci_hcd: USB Universal Host Controller Interface driver
[   14.007669] i8042: PNP: PS/2 Controller [PNP0303:PS2K,PNP0f03:PS2M] at 0x60,0x64 irq 1,12
[   14.010743] serio: i8042 KBD port at 0x60,0x64 irq 1
[   14.019281] serio: i8042 AUX port at 0x60,0x64 irq 12
[   14.023822] mousedev: PS/2 mouse device common for all mice
[   14.025672] input: AT Translated Set 2 keyboard as /devices/platform/i8042/serio0/input/input2
[   14.029633] rtc_cmos rtc_cmos: rtc core: registered rtc_cmos as rtc0
[   14.032233] rtc_cmos rtc_cmos: alarms up to one day, 114 bytes nvram
[   14.034974] i2c /dev entries driver
[   14.040188] device-mapper: uevent: version 1.0.3
[   14.043485] device-mapper: ioctl: 4.34.0-ioctl (2015-10-28) initialised: dm-devel@redhat.com
[   14.050835] platform eisa.0: Probing EISA bus 0
[   14.053164] platform eisa.0: EISA: Cannot allocate resource for mainboard
[   14.071268] platform eisa.0: Cannot allocate resource for EISA slot 1
[   14.088149] platform eisa.0: Cannot allocate resource for EISA slot 2
[   14.092526] platform eisa.0: Cannot allocate resource for EISA slot 3
[   14.101130] platform eisa.0: Cannot allocate resource for EISA slot 4
[   14.102283] platform eisa.0: Cannot allocate resource for EISA slot 5
[   14.124485] platform eisa.0: Cannot allocate resource for EISA slot 6
[   14.143574] platform eisa.0: Cannot allocate resource for EISA slot 7
[   14.150017] platform eisa.0: Cannot allocate resource for EISA slot 8
[   14.151162] platform eisa.0: EISA: Detected 0 cards
[   14.152164] cpufreq-nforce2: No nForce2 chipset.
[   14.154250] ledtrig-cpu: registered to indicate activity on CPUs
[   14.192368] NET: Registered protocol family 10
[   14.204579] NET: Registered protocol family 17
[   14.212938] Key type dns_resolver registered
[   14.225931] microcode: CPU0 sig=0x20655, pf=0x4, revision=0x616
[   14.227035] microcode: CPU1 sig=0x20655, pf=0x4, revision=0x616
[   14.228073] microcode: Microcode Update Driver: v.01 <ign@vaansnet.o.>,et Oba
[   14.246512] isapnp: No Plug & Play device found
[   15.324841] clocksource: Switched to clocksource tsc
[   15.324860] Using IPI No-Shortcut mode
[   15.325085] registered taskstats version 1
[   15.325104] Loading compiled-in X.509 certificates
[   15.327647] Loaded X.509 cert 'Build time autogenerated kernel key: d884481a5860e7cdb15cef4883c70aada3ea9f94'
[   15.327678] zswap: loaded using pool lzo/zbud
[   15.329906] Key type trusted registered
[   15.332908] Key type encrypted registered
[   15.332916] AppArmor: AppArmor sha1 policy hashing enabled
[   15.332927] ima: No TPM chip found, activating TPM-bypass!
[   15.332950] evm: HMAC attrs: 0x1
[   15.333259]   Magic number: 5:425:281
[   15.333300] tty tty18: hash matches
[   15.338262] rtc_cmos rtc_cmos: setting system clock to 2017-02-18 13:17:57 UTC (1487423877)
[   15.338413] BIOS EDD facility v0.16 2004-Jun-25, 0 devices found
[   15.338416] EDD information not available.
[   15.361204] Freeing unused kernel memory: 944K (c1b91000 - c1c7d000)
[   15.369456] Write protecting the kernel text: 7920k
[   15.391662] Write protecting the kernel read-only data: 3152k
[   15.392976] NX-protecting the kernel data: 6416k
Loading, please wait...
starting version[   15.416000] random: systemd-udevd: uninitialized urandom read (16 bytes read, 3 bits of entropy available)
 229
[   15.416541] random: udevadm: uninitialized urandom read (16 bytes read, 3 bits of entropy available)
[   15.416629] random: udevadm: uninitialized urandom read (16 bytes read, 3 bits of entropy available)
[   15.416798] random: udevadm: uninitialized urandom read (16 bytes read, 3 bits of entropy available)
[   15.416866] random: udevadm: uninitialized urandom read (16 bytes read, 3 bits of entropy available)
[   15.416950] random: udevadm: uninitialized urandom read (16 bytes read, 3 bits of entropy available)
[   15.417023] random: udevadm: uninitialized urandom read (16 bytes read, 3 bits of entropy available)
[   15.417093] random: udevadm: uninitialized urandom read (16 bytes read, 3 bits of entropy available)
[   15.417159] random: udevadm: uninitialized urandom read (16 bytes read, 3 bits of entropy available)
[   15.417226] random: udevadm: uninitialized urandom read (16 bytes read, 3 bits of entropy available)
[   15.539814] Fusion MPT base driver 3.04.20
[   15.556866] Copyright (c) 1999-2008 LSI Corporation
[   15.570226] e1000: Intel(R) PRO/1000 Network Driver - version 7.3.21-k8-NAPI
[   15.577334] e1000: Copyright (c) 1999-2006 Intel Corporation.
[   15.655506] Fusion MPT SPI Host driver 3.04.20
[   15.665641] mptbase: ioc0: Initiating bringup
[   15.740622] ioc0: LSI53C1030 A0: Capabilities={Initiator}
[   16.734310] input: ImExPS/2 Generic Explorer Mouse as /devices/platform/i8042/serio1/input/input4
[   16.910968] scsi host2: ioc0: LSI53C1030 A0, FwRev=00000000h, Ports=1, MaxQ=256, IRQ=20
[   17.856968] scsi 2:0:0:0: Direct-Access     VBOX     HARDDISK         1.0  PQ: 0 ANSI: 5
[   17.916992] scsi target2:0:0: Beginning Domain Validation
[   17.922515] scsi target2:0:0: Domain Validation skipping write tests
[   17.943579] scsi target2:0:0: Ending Domain Validation
[   17.973943] scsi target2:0:0: asynchronous
[   17.982687] scsi 2:0:1:0: Direct-Access     VBOX     HARDDISK         1.0  PQ: 0 ANSI: 5
[   17.984391] scsi target2:0:1: Beginning Domain Validation
[   18.007957] scsi target2:0:1: Domain Validation skipping write tests
[   18.021734] scsi target2:0:1: Ending Domain Validation
[   18.035599] scsi target2:0:1: asynchronous
[   18.161854] sd 2:0:0:0: Attached scsi generic sg0 type 0
[   18.181791] sd 2:0:0:0: [sda] 20971520 512-byte logical blocks: (10.7 GB/10.0 GiB)
[   18.193453] sd 2:0:1:0: Attached scsi generic sg1 type 0
[   18.232914] e1000 0000:00:03.0 eth0: (PCI:33MHz:32-bit) 02:fd:43:aa:43:06
[   18.232924] e1000 0000:00:03.0 eth0: Intel(R) PRO/1000 Network Connection
[   18.252001] e1000 0000:00:03.0 enp0s3: renamed from eth0
[   18.253532] sd 2:0:1:0: [sdb] 20480 512-byte logical blocks: (10.5 MB/10.0 MiB)
[   18.253691] sd 2:0:0:0: [sda] Write Protect is off
[   18.253806] sd 2:0:0:0: [sda] Incomplete mode parameter data
[   18.253810] sd 2:0:0:0: [sda] Assuming drive cache: write through
[   18.273825]  sda: sda1
[   18.274802] sd 2:0:0:0: [sda] Attached SCSI disk
[   18.330221] sd 2:0:1:0: [sdb] Write Protect is off
[   18.333077] sd 2:0:1:0: [sdb] Incomplete mode parameter data
[   18.335625] sd 2:0:1:0: [sdb] Assuming drive cache: write through
[   18.373656] sd 2:0:1:0: [sdb] Attached SCSI disk
[   18.548573] floppy0: no floppy controllers found
Begin: Loading e[   20.095586] md: linear personality registered for level -1
ssential drivers[   20.248481] md: multipath personality registered for level -4
 ... [   20.262898] md: raid0 personality registered for level 0
[   20.284442] md: raid1 personality registered for level 1
[   20.521596] raid6: mmxx1    gen()  4775 MB/s
[   20.709465] raid6: mmxx2    gen()  5248 MB/s
[   20.869605] raid6: sse1x1   gen()  4011 MB/s
[   21.061624] raid6: sse1x2   gen()  4589 MB/s
[   21.141584] raid6: sse2x1   gen()  7864 MB/s
[   21.329486] raid6: sse2x1   xor()  5882 MB/s
[   21.529596] raid6: sse2x2   gen()  9769 MB/s
[   21.709595] raid6: sse2x2   xor()  7666 MB/s
[   21.820080] raid6: using algorithm sse2x2 gen() 9769 MB/s
[   21.833552] raid6: .... xor() 7666 MB/s, rmw enabled
[   21.834992] raid6: using ssse3x1 recovery algorithm
[   21.841913] xor: measuring software checksum speed
[   21.884044]    pIII_sse  : 11336.000 MB/sec
[   21.936037]    prefetch64-sse: 12900.000 MB/sec
[   21.953084] xor: using function: prefetch64-sse (12900.000 MB/sec)
[   21.957785] async_tx: api initialized (async)
[   21.984193] md: raid6 personality registered for level 6
[   21.990936] md: raid5 personality registered for level 5
[   22.002329] md: raid4 personality registered for level 4
[   22.022730] md: raid10 personality registered for level 10
done.
Begin: Running /scripts/init-premount ... done.
Begin: Mounting root file system ... Begin: Running /scripts/local-top ... done.
Begin: Running /scripts/local-premount ... [   22.165616] Btrfs loaded
Scanning for Btrfs filesystems
done.
Warning: fsck not present, so skipping root file[   22.263973] EXT4-fs (sda1): mounted filesystem with ordered data mode. Opts: (null)
 system
done.
Begin: Running /scripts/local-bottom ... done.
Begin: Running /scripts/init-bottom ... done.
[   23.151426] systemd[1]: systemd 229 running in system mode. (+PAM +AUDIT +SELINUX +IMA +APPARMOR +SMACK +SYSVINIT +UTMP +LIBCRYPTSETUP +GCRYPT +GNUTLS +ACL +XZ -LZ4 +SECCOMP +BLKID +ELFUTILS +KMOD -IDN)
[   23.165165] systemd[1]: Detected virtualization oracle.
[   23.166555] systemd[1]: Detected architecture x86.

Welcome to [1mUbuntu 16.04.2 LTS[0m!

[   23.200571] systemd[1]: Set hostname to <ubuntu>.
[   23.22702]syem1]InializngacneD frm ando geror

[   24.661897] systemd[1]: Installed transient /etc/machine-id file.
[   25420]rand: nbckinpools itlid
[   5.905 mptscih ioc0atmpngas abot!(s=f569c)
[   57.200580] sd 2:0:0:0: [sda] tag#2CDB: Read(10) 28 0000d  8000 2000
[ 58.088867] mptscsih: ioc0: task abort: FAILED (rv=2003) (sc=f5669c00)

[   58.195114] mptscsih: ioc0: attempting target reset! (sc=f5669c00)
[   58.197821] sd 2:0:0:0: [sda] tag#2 CDB: Read(10) 28 00 00 0d c4 80 00 00 20 00
[   58.308254] mptscsih: ioc0: target reset: SUCCESS (sc=f5669c00)
[   58.536536] systemd[1]: Reached target Encrypted Volumes.
[[0;32m  OK  [0m] Reached target Encrypted Volumes.
[   58.656275] systemd[1]: Listening on LVM2 metadata daemon socket.
[[0;32m  OK  [0m] Listening on LVM2 metadata daemon socket.
[   58.664491] systemd[1]: Listening on Journal Socket (/dev/log).
[[0;32m  OK  [0m] Listening on Journal Socket (/dev/log).
[   58.672621] systemd[1]: Started Forward Password Requests to Wall Directory Watch.
[[0;32m  OK  [0m] Started Forward Password Requests to Wall Directory Watch.
[   58.680802] systemd[1]: Listening on Syslog Socket.
[[0;32m  OK  [0m] Listening on Syslog Socket.
[   .7804]ysmd1]: stinonounal diSoet
[[0;32m  OK  [0m] Listening on Journal Audit Socket.
[  6.274 ste[1]:Lienin o/dev/initctl Compatibility Named Pipe.
[[0;32m  OK  [0m] Listening on /dev/initctl Compatibility Named Pipe.
[  61.26] std[]: Ltengn evicmapp entaen IFOs
[[0;32m  OK  [0m] Listening on Device-mapper event daemon FIFOs.
[   .974] stem1]Seupaumount Arbitrary Executable File Formats File System Automount Point.
[[0;32m  OK  [0m] Set up automount Arbitrary Executab...ats File System Automount Point.
[   63.825002] systemd[1]: Listening on LVM2 poll daemon socket.
[[0;32m  OK  [0m] Listening on LVM2 poll daemon socket.
[   63.836437] systemd[1]: Reached target Swap.
[[0;32m  OK  [0m] Reached target Swap.
[   63.876417] systemd[1]: Created slice System Slice.
[[0;32m  OK  [0m] Created slice System Slice.
[   63.979849] systemd[1]: Created slice system-serial\x2dgetty.slice.
[[0;32m  OK  [0m] Created slice system-serial\x2dgetty.slice.
[   63.984185] systemd[1]: Listening on udev Control Socket.
[[0;32m  OK  [0m] Listening on udev Control Socket.
[   63.995347] systemd[1]: Created slice User and Session Slice.
[[0;32m  OK  [0m] Created slice User and Session Slice.
[   64.004145] systemd[1]: Reached target Slices.
[[0;32m  OK  [0m] Reached target Slices.
[   64.058699] syemd[1]: Listening on udv ernel Socke.
[[0;32m  OK  [0m] Listening on udev Kernel Socket.
[   64.432498] systemd[1]: Reached target User and Group Name Lookups.
[[0;32m  OK  [0m] Reached target User and Group Name Lookups.
[   64.439883] systemd[1]: Listening on Journal Socket.
[[0;32m  OK  [0m] Listening on Journal Socket.
[   64.460335] systemd[1]: Mounting Huge Pages File System...
         Mounting Huge Pages File System...
[   64.506295] systemd[1]: Starting Create list of required static device nodes for the current kernel...
         Starting Create list of required st... nodes for the current kernel...
[   64.859621] systemd[1]: Mounting POSIX Message Queue File System...
         Mounting POSIX Message Queue File System...
[   64.897400] systemd[1]: Mounting Debug File System...
         Mounting Debug File System...
[   64.933138] systemd[1]: Starting Remount Root and Kernel File Systems...
[   64.958079] EXT4-fs (sda1): re-mounted. Opts: (null)
         Starting Remount Root and Kernel File Systems...
[   65.149023] systemd[1]: Starting Nameserver information manager...
         Starting Nameserver information manager...
[   65.190660] systemd[1]: Starting Uncomplicated firewall...
         Starting Uncomplicated firewall...
[   65.214233] systemd[1]: Starting Journal Service...
         Starting Journal Service...
[   65.304407] systemd[1]: Starting Monitoring of LVM2 mirrors, snapshots etc. using dmeventd or progress polling...
         Starting Monitoring of LVM2 mirrors... dmeventd or progress polling...
[   65.398606] systemd[1]: Starting Set console keymap...
         Starting Set console keymap...
[   65.480676] systemd[1]: Starting Load Kernel Modules...
         Starting Load Kernel Modules...
[   65.509043] systemd[1]: Mounted Huge Pages File System.
[[0;32m  OK  [0m] Mounted Huge Pages File System.
[   65.594343] systemd[1]: Mounted Debug File System.
[[0;32m  OK  [0m] Mounted Debug File System.
[   65.612504] systemd[1]: Mounted POSIX Message Queue File System.
[[0;32m  OK  [0[   65.617984] Loading iSCSI transport class v2.0-870.
m] Mounted POSIX Message Queue File System.
[   65.621119] systemd[1]: Started Journal Service.
[[0;32m  OK  [0m] Started Journal Service.
[[0;32m  OK  [0m] Started Create list of required sta...ce nodes for the current kernel.
[[0;32m  OK  [0m] Started Remount Root and Kernel File Systems.
[   65.665637] iscsi: registered transport (tcp)
[[0;32m  OK  [0m] Started Uncomplicated firewall.
[[0;32m  OK  [0m] Started Set console keymap.
[[0;32m  OK  [0m] Started Nameserver information manager.
[   65.786896] iscsi: registered transport (iser)
[[0;32m  OK  [0m] Started LVM2 metadata daemon.
         Starting Initial cloud-init job (pre-networking)...
         Starting udev Coldplug all Devices...
         Starting Load/Save Random Seed...
         Starting Create Static Device Nodes in /dev...
         Starting Flush Journal to Persistent Storage...
[[0;32m  OK  [0m] Started Load Kernel Modules.
         Starting Apply Kernel Variables...
         Mounting FUSE Control File System...
[[0;32m  OK  [0m] Mounted FUSE Control File System.
[[0;32m  OK  [0m] Started Load/Save Random Seed.
[[0;32m  OK  [0m] Started udev Coldplug all Devices.
[   66.186200] systemd-journald[396]: Received request to flush runtime journal from PID 1
[[0;32m  OK  [0m] Started Flush Journal to Persistent Storage.
[[0;32m  OK  [0m] Started Apply Kernel Variables.
[[0;32m  OK  [0m] Started Monitoring of LVM2 mirrors,...ng dmeventd or progress polling.
[[0;32m  OK  [0m] Started Create Static Device Nodes in /dev.
         Starting udev Kernel Device Manager...
[[0;32m  OK  [0m] Started udev Kernel Device Manager.
[[0;32m  OK  [0m] Reached target Local File Systems (Pre).
[[0;32m  OK  [0m] Reached target Local File Systems.
         Starting Tell Plymouth To Write Out Runtime Data...
         Starting Create Volatile Files and Directories...
         Starting Commit a transient machine-id on disk...
         Starting Set console font and keymap...
         Starting LSB: AppArmor initialization...
[[0;32m  OK  [0m] Started Dispatch Password Requests to Console Directory Watch.
[[0;32m  OK  [0m] Started Tell Plymouth To Write Out Runtime Data.
[[0;32m  OK  [0m] Started Create Volatile Files and Directories.
[[0;32m  OK  [0m] Started Commit a transient machine-id on disk.
[[0;32m  OK  [0m] Reached target System Time Synchronized.
         Starting Update UTMP about System Boot/Shutdown...
[[0;32m  OK  [0m] Found device /dev/ttyS0.
[[0;32m  OK  [0m] Started Update UTMP about System Boot/Shutdown.
[[0;32m  OK  [0m] Started LSB: AppArmor initialization.
[[0;32m  OK  [0m] Started Set console font and keymap.
[[0;32m  OK  [0m] Created slice system-getty.slice.
[   71.708244] cloud-init[434]: Cloud-init v. 0.7.8 running 'init-local' at Sat, 18 Feb 2017 13:18:53 +0000. Up 71.03 seconds.
[[0;32m  OK  [0m] Started Initial cloud-init job (pre-networking).
[[0;32m  OK  [0m] Reached target Network (Pre).
         Starting Raise network interfaces...
[[0m[0;31m*     [0m] A start job is running for Raise network interfaces (18s / 5min 13s)[K[[0;1;31m*[0m[0;31m*    [0m] A start job is running for Raise network interfaces (18s / 5min 13s)[K[[0;31m*[0;1;31m*[0m[0;31m*   [0m] A start job is running for Raise network interfaces (19s / 5min 13s)[K[ [0;31m*[0;1;31m*[0m[0;31m*  [0m] A start job is running for Raise network interfaces (19s / 5min 13s)[K[  [0;31m*[0;1;31m*[0m[0;31m* [0m] A start job is running for Raise network interfaces (20s / 5min 13s)[K[   [0;31m*[0;1;31m*[0m[0;31m*[0m] A start job is running for Raise network interfaces (20s / 5min 13s)[K[    [0;31m*[0;1;31m*[0m] A start job is running for Raise network interfaces (21s / 5min 13s)[K[     [0;31m*[0m] A start job is running for Raise network interfaces (21s / 5min 13s)[K[    [0;31m*[0;1;31m*[0m] A start job is running for Raise network interfaces (22s / 5min 13s)[K[   [0;31m*[0;1;31m*[0m[0;31m*[0m] A start job is running for Raise network interfaces (22s / 5min 13s)[K[  [0;31m*[0;1;31m*[0m[0;31m* [0m] A start job is running for Raise network interfaces (23s / 5min 13s)[K[ [0;31m*[0;1;31m*[0m[0;31m*  [0m] A start job is running for Raise network interfaces (23s / 5min 13s)[K[[0;31m*[0;1;31m*[0m[0;31m*   [0m] A start job is running for Raise network interfaces (24s / 5min 13s)[K[[0;1;31m*[0m[0;31m*    [0m] A start job is running for Raise network interfaces (24s / 5min 13s)[K[[0m[0;31m*     [0m] A start job is running for Raise network interfaces (25s / 5min 13s)[K[[0;1;31m*[0m[0;31m*    [0m] A start job is running for Raise network interfaces (25s / 5min 13s)[K[[0;31m*[0;1;31m*[0m[0;31m*   [0m] A start job is running for Raise network interfaces (26s / 5min 13s)[K[ [0;31m*[0;1;31m*[0m[0;31m*  [0m] A start job is running for Raise network interfaces (26s / 5min 13s)[K[  [0;31m*[0;1;31m*[0m[0;31m* [0m] A start job is running for Raise network interfaces (27s / 5min 13s)[K[   [0;31m*[0;1;31m*[0m[0;31m*[0m] A start job is running for Raise network interfaces (27s / 5min 13s)[K[    [0;31m*[0;1;31m*[0m] A start job is running for Raise network interfaces (28s / 5min 13s)[K[     [0;31m*[0m] A start job is running for Raise network interfaces (28s / 5min 13s)[K[    [0;31m*[0;1;31m*[0m] A start job is running for Raise network interfaces (29s / 5min 13s)[K[   [0;31m*[0;1;31m*[0m[0;31m*[0m] A start job is running for Raise network interfaces (29s / 5min 13s)[K[  [0;31m*[0;1;31m*[0m[0;31m* [0m] A start job is running for Raise network interfaces (30s / 5min 13s)[K[ [0;31m*[0;1;31m*[0m[0;31m*  [0m] A start job is running for Raise network interfaces (30s / 5min 13s)[K[[0;31m*[0;1;31m*[0m[0;31m*   [0m] A start job is running for Raise network interfaces (31s / 5min 13s)[K[[0;1;31m*[0m[0;31m*    [0m] A start job is running for Raise network interfaces (31s / 5min 13s)[K[[0m[0;31m*     [0m] A start job is running for Raise network interfaces (32s / 5min 13s)[K[[0;1;31m*[0m[0;31m*    [0m] A start job is running for Raise network interfaces (32s / 5min 13s)[K[[0;31m*[0;1;31m*[0m[0;31m*   [0m] A start job is running for Raise network interfaces (33s / 5min 13s)[K[ [0;31m*[0;1;31m*[0m[0;31m*  [0m] A start job is running for Raise network interfaces (33s / 5min 13s)[K[  [0;31m*[0;1;31m*[0m[0;31m* [0m] A start job is running for Raise network interfaces (34s / 5min 13s)[K[   [0;31m*[0;1;31m*[0m[0;31m*[0m] A start job is running for Raise network interfaces (34s / 5min 13s)[K[    [0;31m*[0;1;31m*[0m] A start job is running for Raise network interfaces (35s / 5min 13s)[K[     [0;31m*[0m] A start job is running for Raise network interfaces (35s / 5min 13s)[K[    [0;31m*[0;1;31m*[0m] A start job is running for Raise network interfaces (36s / 5min 13s)[K[   [0;31m*[0;1;31m*[0m[0;31m*[0m] A start job is running for Raise network interfaces (36s / 5min 13s)[K[  [0;31m*[0;1;31m*[0m[0;31m* [0m] A start job is running for Raise network interfaces (37s / 5min 13s)[K[ [0;31m*[0;1;31m*[0m[0;31m*  [0m] A start job is running for Raise network interfaces (37s / 5min 13s)[K[[0;31m*[0;1;31m*[0m[0;31m*   [0m] A start job is running for Raise network interfaces (38s / 5min 13s)[K[[0;1;31m*[0m[0;31m*    [0m] A start job is running for Raise network interfaces (38s / 5min 13s)[K[[0m[0;31m*     [0m] A start job is running for Raise network interfaces (39s / 5min 13s)[K[[0;1;31m*[0m[0;31m*    [0m] A start job is running for Raise network interfaces (39s / 5min 13s)[K[[0;31m*[0;1;31m*[0m[0;31m*   [0m] A start job is running for Raise network interfaces (40s / 5min 13s)[K[ [0;31m*[0;1;31m*[0m[0;31m*  [0m] A start job is running for Raise network interfaces (40s / 5min 13s)[K[[0;32m  OK  [0m] Listening on Load/Save RF Kill Switch Status /dev/rfkill Watch.
[[0;32m  OK  [0m] Started Raise network interfaces.
[[0;32m  OK  [0m] Reached target Network.
         Starting Initial cloud-init job (metadata service crawler)...
[  102.770757] cloud-init[1017]: Cloud-init v. 0.7.8 running 'init' at Sat, 18 Feb 2017 13:19:23 +0000. Up 100.91 seconds.
[  102.892944] [cloud-init[0;32m  OK  [0m[1017]: ] ci-info: +++++++++++++++++++++++++++++++++++++Net device info++++++++++++++++++++++++++++++++++++++Started Initial cloud-init job (metadata service crawler).

[  102.894091] cloud-init[1017]: ci-info: +--------+------+----------------------------+---------------+-------+-------------------+
[  102.933360] [cloud-init[0;32m  OK  [0m[1017]: ] ci-info: | Device |  Up  |          Address           |      Mask     | Scope |     Hw-Address    |Reached target Cloud-config availability.

[  102.948908] [cloud-init[0;32m  OK  [0m[1017]: ] ci-info: +--------+------+----------------------------+---------------+-------+-------------------+Reached target System Initialization.

[  102.962591]          cloud-initStarting LXD - unix socket.[1017]: 
ci-info: | enp0s3 | True |         10.0.2.15          | 255.255.255.0 |   .   | 02:fd:43:aa:43:06 |
[  102.971017] cloud-init[1017]: ci-info: | enp0s3 | True | fe80::fd:43ff:feaa:4306/64 |       .       |  link | 02:fd:43:aa:43:06 |
[  102.984548] cloud-init[1017]: ci-info: |   lo   | True |         127.0.0.1          |   255.0.0.0   |   .   |         .         |
[  102.985133] cloud-init[1017]: ci-info: |   lo   | True |          ::1/128           |       .       |  host |         .         |
[[0;32m  OK  [0m] Started ACPI Events Check.
[  102.985329] cloud-init[1017]: ci-info: +--------+------+----------------------------+---------------+-------+-------------------+
[  103.074555] cloud-init[1017]: ci-info: +++++++++++++++++++++++++++Route IPv4 info++++++++++++++++++++++++++++
[  103.074985] cloud-init[1017]: ci-info: +-------+-------------+----------+---------------+-----------+-------+
[[0;32m  OK  [0m] Started Timer to automatically refresh installed snaps.
[  103.075263] cloud-init[1017]: ci-info: | Route | Destination | Gateway  |    Genmask    | Interface | Flags |
[  103.102184] cloud-init[1017]: ci-info: +-------+-------------+----------+---------------+-----------+-------+
[[0;32m  OK  [0m] Started Daily Cleanup of Temporary Directories.
[  103.102379] cloud-init[1017]: ci-info: |   0   |   0.0.0.0   | 10.0.2.2 |    0.0.0.0    |   enp0s3  |   UG  |
[  103.111321] cloud-init[1017]: ci-info: |   1   |   10.0.2.0  | 0.0.0.0  | 255.255.255.0 |   enp0s3  |   U   |
[[0;32m  OK  [0m] Started Trigger resolvconf update for networkd DNS.
[  103.111581] cloud-init[1017]: ci-info: +-------+-------------+----------+---------------+-----------+-------+
[  103.120547] cloud-init[1017]: Generating public/private rsa key pair.
[[0;32m  OK  [0m] Reached target Paths.
         [  103.120784] Starting Socket activation for snappy daemon.cloud-init
[1017]: Your identification has been saved in /etc/ssh/ssh_host_rsa_key.
[  103.193158] cloud-init[1017]: Your public key has been saved in /etc/ssh/ssh_host_rsa_key.pub.
[  103.193679] cloud-init[1017]: The key fingerprint is:
[[0;32m  OK  [0m] Started Daily apt activities.
[  103.193949] cloud-init[1017]: SHA256:AKW5rxTke3oqn2SvyVYzkxsvILG87lKqJh1nBLe4yq8 root@ubuntu-xenial
[  103.205749] cloud-init[1017]: The key's randomart image is:
[[0;32m  OK  [0m] Reached target Timers.
[[  103.205977] cloud-init[1017]: +---[RSA 2048]----+
[  103.212500] cloud-init[1017]: |    ...          |
[  103.212751] cloud-init[1017]: |  . .+           |
[  103.213056] cloud-init[1017]: |   ++..          |
[  103.213268] cloud-init[1017]: |  ooo. .         |
[  103.213491] cloud-init[1017]: | . =+  .S        |
[  103.213720] cloud-init[1017]: |  B ++B          |
[  103.214174] cloud-init[1017]: |.= *=ooB         |
[  103.214393] cloud-init[1017]: |=o+=.B+ .        |
[0;32m  OK  [0m] Listening on UUID daemon activation socket.
[  103.214614] cloud-init[1017]: |=E==X+..         |
[  103.264736] cloud-init[1017]: +----[SHA256]-----+
[[0;32m  OK  [0m] Listening on D-Bus System Message Bus Socket.
[[  103.265439] cloud-init[1017]: Generating public/private dsa key pair.
[  103.292853] cloud-init[1017]: Your identification has been saved in /etc/ssh/ssh_host_dsa_key.
[  103.293312] cloud-init[1017]: Your public key has been saved in /etc/ssh/ssh_host_dsa_key.pub.
[0;32m  OK  [0m] Listening on ACPID Listen Socket.
[  103.293786] cloud-init[1017]: The key fingerprint is:
[  103.304880] cloud-init[1017]: SHA256:Q/HzAOuMPeZ6gEcsAtub/ZGkpqJJ12pq7DdQYy5pWkA root@ubuntu-xenial
[[0;32m  OK  [0m] Reached target Network is Online.
[  103.305088] cloud-init[1017]: The key's randomart image is:
[  103.313164] cloud-init[1017]: +---[DSA 1024]----+
[  103.314811] cloud-init[1017]: |        o        |
[  103.316336] cloud-init[1017]: |.E       =       |
[  103.317839] cloud-init[1017]: |.+   .  o +      |
[  103.319517] cloud-init[1017]: |o o+. +*   +     |
         [  103.321611] cloud-init[1017]: | .==.*..S   .    |
Starting iSCSI initiator daemon (iscsid)...
[  103.321739] cloud-init[1017]: | =+.* =o o       |
[  103.327421] cloud-init[1017]: |+oo+ + o.        |
[  103.327826] cloud-init[1017]: |++o+. ...        |
[[0;32m  OK  [0m] Listening on LXD - unix socket.
[  103.328118] cloud-init[1017]: |*++.. ..         |
[  103.334146] cloud-init[1017]: +----[SHA256]-----+
[  103.334484] cloud-init[1017]: Generating public/private ecdsa key pair.
[[0;32m  OK  [0m] Listening on Socket activation for snappy daemon.
[  103.334688] cloud-init[1017]: Your identification has been saved in /etc/ssh/ssh_host_ecdsa_key.
[  103.345172] cloud-init[1017]: Your public key has been saved in /etc/ssh/ssh_host_ecdsa_key.pub.
[  103.350775] cloud-init[1017]: The key fingerprint is:
[  103.353599] cloud-init[1017]: SHA256:JSg9Pm7Gi2J/Jjxt6spAxNR0cUVKHzJPseO3GSxAZ7g root@ubuntu-xenial
[  103.357049] cloud-init[1017]: The key's randomart image is:
[  103.358641] cloud-init[1017]: +---[ECDSA 256]---+
[  103.360063] cloud-init[1017]: | .o. o.*+O.      |
[  103.361646] cloud-init[1017]: |o  ...+oX o      |
[  103.363013] cloud-init[1017]: | o  . +oo=.      |
[  103.364369] cloud-init[1017]: |.    o Eooo      |
[  103.396795] [cloud-init[0;32m  OK  [0m[1017]: ] | .    o So +     |Reached target Sockets.

[  103.398138] [cloud-init[0;32m  OK  [0m[1017]: ] |.    o .  o +    |Reached target Basic System.

[  103.426105] cloud-init[1017]: |.  . .=    o     |
[  103.469079] cloud-init[1017]: | oo ++=.         |
[  103.470825] cloud-init[1017]: | .o==B.          |
[  103.486083] cloud-init[1017]: +----[SHA256]-----+
[  103.489098] cloud-init[1017]: Generating public/private ed25519 key pair.
[  103.489626] cloud-init[1017]: Your identification has been saved in /etc/ssh/ssh_host_ed25519_key.
[  103.489905] cloud-init[1017]: Your public key has been saved in /etc/ssh/ssh_host_ed25519_key.pub.
[  103.490203] cloud-init[1017]: The key fingerprint is:
[  103.490475] cloud-init[1017]: SHA256:3vePydwcvikiF5ad8gxC8B2rec7x6WovpgmJKO7e2iE root@ubuntu-xenial
[  103.490764] cloud-init[1017]: The key's randomart image is:
[  103.491046] cloud-init[1017]: +--[ED25519 256]--+
[  103.491340] cloud-init[1017]: |                 |
         Starting Pollinate to seed the pseudo random number generator...
[  103.491681] cloud-init[1017]: |       .   .     |
[  103.567134] cloud-init[1017]: |        o . o    |
[  103.569552] cloud-init[1017]: |         o o     |
[  103.576450] cloud-init[1017]: |        S o o .  |
[  103.581009] cloud-init[1017]: |    . ...= O o   |
[  103.581453] cloud-init[1017]: | E o . o. B X .. |
         Starting Apply the settings specified in cloud-config...
[  103.581691] cloud-init[1017]: |. = .   ...X X.=o|
[  103.591218] cloud-init[1017]: |o=.o     o*.*oB==|
[  103.597011] cloud-init[1017]: +----[SHA256]-----+
[[0;32m  OK  [0m] Started Snappy daemon.
[[0;32m  OK  [0m] Started Deferred execution scheduler.
[[0;32m  OK  [0m] Started ACPI event daemon.
[[0;32m  OK  [0m] Started Regular background program processing daemon.
         Starting /etc/rc.local Compatibility...
         Starting System Logging Service...
[[0;32m  OK  [0m] Started D-Bus System Message Bus.
[  104.633332] cloud-init[1120]: Generating locales (this might take a while)...
         Starting LXD - container startup/shutdown...
         Starting Login Service...
         Starting LSB: Record successful boot for GRUB...
         Starting Auto import assertions from block devices...
         Starting Accounts Service...
         Starting LSB: MD monitoring daemon...
[[0;32m  OK  [0m] Started FUSE filesystem for LXC.
[[0;32m  OK  [0m] Started System Logging Service.
[[0;32m  OK  [0m] Started iSCSI initiator daemon (iscsid).
[[0;32m  OK  [0m] Started /etc/rc.local Compatibility.
[[0;32m  OK  [0m] Started Auto import assertions from block devices.
         Starting Login to default iSCSI targets...
[[0;32m  OK  [0m] Started Login Service.
[[0;32m  OK  [0m] Started LSB: Record successful boot for GRUB.
[[0;32m  OK  [0m] Started LSB: MD monitoring daemon.
[[0;32m  OK  [0m] Started Login to default iSCSI targets.
[[0;32m  OK  [0m] Reached target Remote File Systems (Pre).
[[0;32m  OK  [0m] Reached target Remote File Systems.
         Starting LSB: Set the CPU Frequency Scaling governor to "ondemand"...
         Starting LSB: daemon to balance interrupts for SMP systems...
         Starting LSB: automatic crash report generation...
         Starting Permit User Sessions...
         Starting LSB: VirtualBox Linux Additions...
[[0;32m  OK  [0m] Started Permit User Sessions.
[[0;32m  OK  [0m] Started LSB: Set the CPU Frequency Scaling governor to "ondemand".
         Starting Authenticate and Authorize Users to Run Privileged Tasks...
         Starting Terminate Plymouth Boot Screen...
         Starting Hold until boot process finishes up...
[[0;32m  OK  [0m] Started Terminate Plymouth Boot Screen.
[[0;32m  OK  [0m] Started Hold until boot process finishes up.
[[0;32m  OK  [0m] Started Serial Getty on ttyS0.
[[0;32m  OK  [0m] Started Getty on tty1.
[[0;32m  OK  [0m] Reached target Login Prompts.
         Starting Set console scheme...
[[0;32m  OK  [0m] Started LSB: daemon to balance interrupts for SMP systems.
[[0;32m  OK  [0m] Started LSB: automatic crash report generation.
[[0;32m  OK  [0m] Started Set console scheme.
[  107.270041] cloud-init[1120]:   en_US.UTF-8... done
[  107.313871] cloud-init[1120]: Generation complete.
[[0;32m  OK  [0m] Started Authenticate and Authorize Users to Run Privileged Tasks.
[[0;32m  OK  [0m] Started Accounts Service.
[[0;32m  OK  [0m] Started LSB: VirtualBox Linux Additions.
[[0;32m  OK  [0m] Started LXD - container startup/shutdown.
[[0;32m  OK  [0m] Stopped OpenBSD Secure Shell server.
         Starting OpenBSD Secure Shell server...
[[0;32m  OK  [0m] Started Pollinate to seed the pseudo random number generator.
[[0;32m  OK  [0m] Started OpenBSD Secure Shell server.
[[0;32m  OK  [0m] Reached target Multi-User System.
[[0;32m  OK  [0m] Reached target Graphical Interface.
         Starting Update UTMP about System Runlevel Changes...
[[0;32m  OK  [0m] Started Update UTMP about System Runlevel Changes.
[[0;32m  OK  [0m] Created slice User Slice of ubuntu.
         Starting User Manager for UID 1000...
[[0;32m  OK  [0m] Started Session 1 of user ubuntu.
[[0;32m  OK  [0m] Started User Manager for UID 1000.
[  109.064460] cloud-init[1120]: Cloud-init v. 0.7.8 running 'modules:config' at Sat, 18 Feb 2017 13:19:26 +0000. Up 103.97 seconds.
[[0;32m  OK  [0m] Started Apply the settings specified in cloud-config.
         Starting Execute cloud user/final scripts...
ci-info: no authorized ssh keys fingerprints found for user ubuntu.
<14>Feb 18 13:19:32 ec2: 
<14>Feb 18 13:19:32 ec2: #############################################################
<14>Feb 18 13:19:32 ec2: -----BEGIN SSH HOST KEY FINGERPRINTS-----
<14>Feb 18 13:19:32 ec2: 1024 SHA256:Q/HzAOuMPeZ6gEcsAtub/ZGkpqJJ12pq7DdQYy5pWkA root@ubuntu-xenial (DSA)
<14>Feb 18 13:19:32 ec2: 256 SHA256:JSg9Pm7Gi2J/Jjxt6spAxNR0cUVKHzJPseO3GSxAZ7g root@ubuntu-xenial (ECDSA)
<14>Feb 18 13:19:32 ec2: 256 SHA256:3vePydwcvikiF5ad8gxC8B2rec7x6WovpgmJKO7e2iE root@ubuntu-xenial (ED25519)
<14>Feb 18 13:19:32 ec2: 2048 SHA256:AKW5rxTke3oqn2SvyVYzkxsvILG87lKqJh1nBLe4yq8 root@ubuntu-xenial (RSA)
<14>Feb 18 13:19:32 ec2: -----END SSH HOST KEY FINGERPRINTS-----
<14>Feb 18 13:19:32 ec2: #############################################################
-----BEGIN SSH HOST KEY KEYS-----
ecdsa-sha2-nistp256 AAAAE2VjZHNhLXNoYTItbmlzdHAyNTYAAAAIbmlzdHAyNTYAAABBBJ3r4FtUuWX6pY5GByFPagQkwR5DfgFEziOjTlLNrsZzFQZ1X6JfDrrYRavSy2zQRpyEjPSabrpt5xoMIy7Y2Mw= root@ubuntu-xenial
ssh-ed25519 AAAAC3NzaC1lZDI1NTE5AAAAIFYcMZApn2htRbgEMMQ35wcVCv1iSO9kgXPKjBoEDvak root@ubuntu-xenial
ssh-rsa AAAAB3NzaC1yc2EAAAADAQABAAABAQC2rkgWPjBsQM7IScoM1iH9pT/eiM6QuYkVwu19nIHBleQ0bVyDHmtd774PbHD7Oc0i2gJUzM3Pm1ECoXQbDk+iJo9t3f1QXRTVurEDljAE+xn11TEfULuUhwYi/OkSrzmUyRkxhjipheVaIzWI8IYC0UBwZligAmiKb/HksYGRAw40M2GGWZGXv5YfrPA9zBlVd+uE2qvXqE1OAHWsYIEZI6fHAttgtVYZnN8EIF+0WfPBs9rH9MXkDJHNjyqhlv3o3l9jOaTCf6QvTuGDbfACX/k9ixTm3E8ti+56Ru2OkAC8ZEg5q00HbcEjBylbJp5wqPWcLPyRLCDexpVMu1it root@ubuntu-xenial
-----END SSH HOST KEY KEYS-----
[  110.296684] cloud-init[1401]: Cloud-init v. 0.7.8 running 'modules:final' at Sat, 18 Feb 2017 13:19:31 +0000. Up 109.62 seconds.
[  110.377406] cloud-init[1401]: ci-info: no authorized ssh keys fingerprints found for user ubuntu.
[  110.488503] cloud-init[1401]: Cloud-init v. 0.7.8 finished at Sat, 18 Feb 2017 13:19:32 +0000. Datasource DataSourceNoCloud [seed=/dev/sdb][dsmode=net].  Up 110.28 seconds
[[0;32m  OK  [0m] Started Execute cloud user/final scripts.
[[0;32m  OK  [0m] Reached target Cloud-init target.

Ubuntu 16.04.2 LTS ubuntu-xenial ttyS0

ubuntu-xenial login: 